x = int8([ 10    60   80  100
          -10   -60  -80 -100
          -120 -122 -124 -126
          -122 -122 -126 -126
         ]);
assert_checkequal(median(x), int8(-110));
assert_checkequal(median(x,"c"), int8([70 -70 -123 -124]'));
assert_checkequal(median(x,"r"), int8([-65 -91 -102 -113]));
clear x
x(:,:,1) = int8([
    10    60   80  100
   -10   -60  -80 -100
   ]);
x(:,:,2) = int8([
   -120 -122 -124 -126
   -122 -122 -126 -126
    ]);
expected = int8(matrix([0 0 0 0 -121 -122 -125 -126],1,4,-1));
assert_checkequal(median(x,1), expected);
clear expected
expected = int8(matrix([70 -70 -123 -124],2,1,2));
assert_checkequal(median(x,2), expected);
clear expected
expected = int8([
 -55 -31 -22 -13
 -66 -91 -103 -113
 ]);
assert_checkequal(median(x,3), expected);
