test = rand(150,1,165);
assert_checkfalse(execstr("r = mean(test,3);"   ,"errcatch") <> 0);
assert_checkequal(size(r), [150 1]);
test = rand(150,1,166);
assert_checkfalse(execstr("r = mean(test,3);"   ,"errcatch") <> 0);
assert_checkequal(size(r), [150 1]);
test = rand(1000,1,165);
assert_checkfalse(execstr("r = mean(test,3);"   ,"errcatch") <> 0);
assert_checkequal(size(r), [1000 1]);
test = rand(1000,1,166);
assert_checkfalse(execstr("r = mean(test,3);"   ,"errcatch") <> 0);
assert_checkequal(size(r), [1000 1]);
test = rand(250,1,165);
assert_checkfalse(execstr("r = mean(test,3);"   ,"errcatch") <> 0);
assert_checkequal(size(r), [250 1]);
test = rand(250,1,166);
assert_checkfalse(execstr("r = mean(test,3);"   ,"errcatch") <> 0);
assert_checkequal(size(r), [250 1]);
