assert_checkequal(sum([]), 0);
assert_checkequal(nansum([]), 0);
assert_checkequal(nansum(%nan), 0);
assert_checkequal(nansum([%nan %nan; 1 2]), 3);
assert_checkequal(nansum([%nan %nan; 1 2], "*"), 3);
assert_checkequal(nansum([%nan %nan; 1 2], "r"), [1 2]);
assert_checkequal(nansum([%nan %nan; 1 2], "c"), [0; 3]);
assert_checkequal(nansum([%nan %nan; 1 2], 1), [1 2]);
assert_checkequal(nansum([%nan %nan; 1 2], 2), [0; 3]);
