a = [1:10; 1:10];
withParam = harmean(a, "c");
withoutParam = harmean(a(1, :));
assert_checkequal(withParam(1), withoutParam);
assert_checkequal(withParam(2), withoutParam);
a = [1:10; 1:10]';
withParam = harmean(a, "r");
withoutParam = harmean(a(:, 1));
assert_checkequal(withParam(1), withoutParam);
assert_checkequal(withParam(2), withoutParam);
