x=matrix([5 2:8],2,4);
if (stdev(x)-3.5)                  >= %eps then bugmes();quit;end
if norm(stdev(x,1,mean(x, 1))-[3 1 1 1]/2)    >= %eps then bugmes();quit;end
if norm(stdev(x,"r",mean(x, 1))-[3 1 1 1]/2)  >= %eps then bugmes();quit;end
if norm(stdev(x,2,mean(x, 2))-sqrt([2;5]))    >= %eps then bugmes();quit;end
if norm(stdev(x,"c",mean(x, 2))-sqrt([2;5]))  >= %eps then bugmes();quit;end
