h = scf();
contour2d(1:10,1:10,rand(10,10),5,rect=[0,0,11,11]);
xset("fpf","%.2f")
clf()
contour2d(1:10,1:10,rand(10,10),5,rect=[0,0,11,11]);
close(h);
x = linspace(0,4*%pi,80);
z = cos(x')*cos(x);
h = scf();
f=gcf();
xset("fpf"," ")
f.color_map=jetcolormap(7);
contour2d(x,x,z,-0.75:0.25:0.75,frameflag=3,rect=[0,0,5*%pi,4*%pi]);
legends(string(-0.75:0.25:0.75),1:7,"lr");
xtitle("Some level curves of the function cos(x)cos(y)");
close(h);
