x = linspace(0,1,100)';
y = x.^3;
clf();
plot(x,x.^2,"r");
e = gce();
e = e.children;
datatipCreate(e(1),50);
datatipCreate(e(1),60);
datatipCreate(e(1),70);
datatipCreate(e(1),80);
a = gca();
cpound = a.children(1);
pline = cpound.children(1);
lastTipTxt = pline.datatips(4).text;
datatipRemove(e(1), 2);
assert_checkequal(length(a.children(1).children(1).datatips), 3);
assert_checkequal(lastTipTxt, a.children(1).children(1).datatips(3).text);
