function closeRequestFcn()
    btn = messagebox("Do you want to close the figure?", "Close?", "question",  ["Yes", "No"], "modal")
    if btn then
        delete(gcf());
    else
        disp("Figure is still opened.");
    end
endfunction
f = scf();
assert_checkequal(f.closerequestfcn, "");
f.closerequestfcn = "closeRequestFcn()";
assert_checkequal(f.closerequestfcn, "closeRequestFcn()");
refMsg = msprintf(_("Wrong type for ''%s'' property: String expected.\n"), "closerequestfcn");
assert_checkerror("f = gcf();f.closerequestfcn = 10;", refMsg);
refMsg = msprintf(_("%s: Wrong size for input argument #%d: A single string expected.\n"), "set", 3);
assert_checkerror("f = gcf();f.closerequestfcn = [""resizeMe()"" ""resizeMe()""];", refMsg);
refMsg = msprintf(_("''%s'' property does not exist for this handle.\n"), "closerequestfcn");
assert_checkerror("a = gca();a.closerequestfcn = ""closeRequestFcn()""", refMsg);
assert_checkerror("a = gca();v = a.closerequestfcn;", refMsg);
save(TMPDIR + "/figure.closerequestfcn.bin", "f");
delete(f);
clear f
load(TMPDIR + "/figure.closerequestfcn.bin");
assert_checkequal(f.closerequestfcn, "closeRequestFcn()");
