function resizeMe()
    disp("resize");
endfunction
f = scf();
assert_checkequal(f.resizefcn, "");
f.resizefcn = "resizeMe()";
assert_checkequal(f.resizefcn, "resizeMe()");
refMsg = msprintf(_("Wrong type for ''%s'' property: String expected.\n"), "resizefcn");
assert_checkerror("f = gcf();f.resizefcn = 10;", refMsg);
refMsg = msprintf(_("%s: Wrong size for input argument #%d: A single string expected.\n"), "set", 3);
assert_checkerror("f = gcf();f.resizefcn = [""resizeMe()"" ""resizeMe()""];", refMsg);
refMsg = msprintf(_("''%s'' property does not exist for this handle.\n"), "resizefcn");
assert_checkerror("a = gca();a.resizefcn = ""resizeMe()""", refMsg);
assert_checkerror("a = gca();v = a.resizefcn;", refMsg);
save(TMPDIR + "/figure.resizefcn.bin", "f");
delete(f);
clear f
load(TMPDIR + "/figure.resizefcn.bin");
assert_checkequal(f.resizefcn, "resizeMe()");
