global("bar");
bar = 0;
function res = foo()
    warning("foo() should not be executed in this test");
    global("bar");
    bar = 1;
    res = %t;
endfunction
andCond = %f;
orCond = %t;
if andCond && foo() then; end
assert_checkequal(bar, 0);
if andCond & foo() then; end
assert_checkequal(bar, 0);
if orCond | foo() then; end
assert_checkequal(bar, 0);
if orCond || foo() then; end
assert_checkequal(bar, 0);
andCond = 0;
orCond = 1;
if andCond && foo() then; end
assert_checkequal(bar, 0);
if andCond & foo() then; end
assert_checkequal(bar, 0);
if orCond | foo() then; end
assert_checkequal(bar, 0);
if orCond || foo() then; end
assert_checkequal(bar, 0);
andCond = int8(0);
orCond = int8(1);
if andCond && foo() then; end
assert_checkequal(bar, 0);
if andCond & foo() then; end
assert_checkequal(bar, 0);
if orCond | foo() then; end
assert_checkequal(bar, 0);
if orCond || foo() then; end
assert_checkequal(bar, 0);
clearglobal("bar");
