ierr = execstr("convstr a u // a comment", "errcatch");
assert_checkequal(ierr, 0);
ierr = execstr("convstr a /* a comment */", "errcatch");
assert_checkequal(ierr, 0);
ierr = execstr(["convstr a u /* some text"; ..
                "              ending comment here */"], "errcatch");
assert_checkequal(ierr, 0);
ierr = execstr("convstr a /* some comments */ u;", "errcatch");
assert_checkequal(ierr, 0);
