l = list();
l(1) = [];
assert_checkequal(l, list([]));
assert_checkequal(l(1), []);
l = list();
l(1) = {};
assert_checkequal(l, list({}));
assert_checkequal(l(1), {});
c = {};
c{1} = [];
assert_checkequal(c, {[]});
assert_checkequal(c{1}, []);
c{1} = {};
assert_checkequal(c, {{}});
assert_checkequal(c{1}, {});
c{1} = list();
assert_checkequal(c, {list()});
assert_checkequal(c{1}, list());
