list_undefined = list(1);
list_undefined(3) = 3;
save(TMPDIR + "/list_undefined1.sod", "list_undefined");
clear list_undefined;
load(TMPDIR + "/list_undefined1.sod");
if or(definedfields(list_undefined) == 2) == %t then bugmes();quit;end
list_undefined = list(1);
list_undefined(3) = 3;
list_undefined(1) = null();
save(TMPDIR + "/list_undefined2.sod", "list_undefined");
clear list_undefined;
load(TMPDIR + "/list_undefined2.sod");
if or(definedfields(list_undefined) == 1) == %t then bugmes();quit;end
list_undefined = list(1);
list_undefined(3) = 3;
list_undefined(3) = null();
save(TMPDIR + "/list_undefined3.sod", "list_undefined");
clear list_undefined;
load(TMPDIR + "/list_undefined3.sod");
if or(definedfields(list_undefined) == 2) == %t then bugmes();quit;end
