errMsg1 = msprintf(_("%s: Wrong value for input argument #%d: Positive scalar expected.\n"),"grand",1);
errMsg2 = msprintf(_("%s: Wrong value for input argument #%d: Positive scalar expected.\n"),"grand",2);
assert_checkequal(grand(1,0,'def'),[]);
assert_checkerror("grand(-1,1,""def"");", errMsg1);
assert_checkerror("grand(1,-1,""def"");", errMsg2);
assert_checkequal(size(grand(-1,-1,'def')),[-1,-1]);
