maxN = 16;
x = poly(0,"x");
LegPolys = [1,x];
for np1=2:maxN                                              // np1 = n+1, next poly order, start: 2
    n=np1-1;                                                // n: last poly order defined, start: 1
    polynp1 = ((2*n+1)*x*LegPolys(np1)-n*LegPolys(n))/np1;  // next polynomial by recursion
    LegPolys = [ LegPolys , polynp1 ] ;                     // add polynomial to array
end
GssLegX    = roots(polynp1)+1;
GssLegX    = gsort(GssLegX,'g','i')-1;
