refASCIICODE = [84  114  97  110  115  109  105  115  115  105  111  110];
refSTRING = "Transmission";
res = ascii(refASCIICODE);
if length(res) <> length(refSTRING) then bugmes();quit;end
if refSTRING <> res then bugmes();quit;end
refASCIICODE2 = [84  114  97  110  115  105  115  115  105  111  110];
refSTRING2 = "Trans" + ascii(0) + "ission";
res = ascii(refASCIICODE2)
 res  = 
 Transission
if length(res) <> length(refSTRING2) then bugmes();quit;end
if refSTRING2 <> res then bugmes();quit;end
refASCIICODE3 = [84  114  97  110  115  0  105  115  115  105  111  110];
refSTRING3 = "Trans" + ascii(0);
res = ascii(refASCIICODE3)
 res  = 
 Trans
if length(res) <> length(refSTRING3) then bugmes();quit;end
if refSTRING3 <> res then bugmes();quit;end
