ilib_verbose(0);
BUG_NAME = "bug_9833";
test_path = get_absolute_file_path(BUG_NAME + ".tst");
currentpath = pwd();
cd TMPDIR;
OS_TMP_DIR = pwd();
mkdir(OS_TMP_DIR, BUG_NAME);
TEST_DIR = OS_TMP_DIR + filesep() + BUG_NAME;
copyfile(SCI + "/modules/output_stream/tests/nonreg_tests/" + BUG_NAME + ".c" , TEST_DIR + filesep() + BUG_NAME + ".c");
chdir(TEST_DIR);
files = BUG_NAME + ".c";
ilib_build('lib' + BUG_NAME,["%" + BUG_NAME, "sci_" + BUG_NAME],files,[]);
exec loader.sce;
chdir(currentpath);
msgerr = msprintf(gettext("%s: Error.\n"), "%" + BUG_NAME);
assert_checkerror ("%" + BUG_NAME, msgerr);
%bug_9833: Error.
ulink();
rmdir(TEST_DIR,'s');
