if msprintf("string : --%s--","\n") <> "string : --\n--" then bugmes();quit;end
R = msprintf("%s\n%s", "titi", "toto");
REF = ["titi";"toto"];
if or(R <> REF) then bugmes();quit;end
R = msprintf("%s %s", "titi\n", "toto");
REF = "titi\n toto";
if R <> REF then bugmes();quit;end
R = msprintf("%s %s", "titi\n", "toto\n");
REF = "titi\n toto\n";
if R <> REF then bugmes();quit;end
R = msprintf("%s\n%s", "titi\n", "toto\n");
REF = ["titi\n";"toto\n"];
if or(R <> REF) then bugmes();quit;end
