mprintf(' %s\n', "%exxxx");
 %exxxx
mprintf(' %s\n', "xx%exx");
 xx%exx
mprintf(' %s\n', "xxxx");
 xxxx
mprintf(' %s\n', "%nyyyy");
 %nyyyy
if sprintf(' %s\n', "%exxxx") <> " %exxxx" then bugmes();quit;end
if sprintf(' %s\n', "xx%exx") <> " xx%exx" then bugmes();quit;end
if sprintf(' %s\n', "xxxx") <> " xxxx" then bugmes();quit;end
if sprintf(' %s\n', "%nyyyy") <> " %nyyyy" then bugmes();quit;end
