x = uint32(170 * 256 * 256 * 256);
disp(x);
  2852126720
printf('(hex) x = %8x\n',x);
(hex) x = aa000000
printf('(int) x = %12u\n',x);
(int) x =   2852126720
printf('(float) x = %12.0f\n',x);
(float) x =   2852126720
if sprintf('%8x',x) <> 'aa000000' then bugmes();quit;end
if sprintf('%12u',x) <> '  2852126720' then bugmes();quit;end
if sprintf('%12.0f',x) <> '  2852126720' then bugmes();quit;end
