cd(TMPDIR);
mkdir('bug_6728');
cd('bug_6728');
fun1 = ['function r = aaaa()';
'disp(''aaaa'')';
'endfunction'];
mputl(fun1,'aaaa.sci');
fun2 = ['function r = bbbb()';
'disp(''bbbb'')';
'endfunction'];
mputl(fun2,'bbbb.sci');
genlib('bug_6728lib','.');
bug_6728lib = lib('.');
strs = string(bug_6728lib);
clear bug_6728lib
for i=1:1000
  bug_6728lib = lib('.');
  strbis = string(bug_6728lib);
  if strs <> strbis then bugmes();quit;end
  clear bug_6728lib
  clear strbis
end
