printf("%x",2^31-1);
7fffffff
printf("%x",2^31);
80000000
printf("%x",2^31+1);
80000001
if sprintf("%x",2^31-1) <> '7fffffff' then bugmes();quit;end
if sprintf("%x",2^31) <> '80000000' then bugmes();quit;end
if sprintf("%x",2^31+1) <> '80000001' then bugmes();quit;end
if sprintf("%x",2^31+2) <> '80000002' then bugmes();quit;end
