assert_checkequal(msprintf("% 6s", "é"), "     é");
assert_checkequal(msprintf("% 6s", "éé"), "    éé");
mprintf("% 6s", "é");
     é
mprintf("% 6s", "éé");
    éé
fd = mopen(TMPDIR+'/bug_5381.txt','wt');
mfprintf(fd, "% 6s\n", "é")
mfprintf(fd, "% 6s\n", "éé")
mclose(fd);
t = mgetl(TMPDIR+'/bug_5381.txt');
assert_checkequal(t, ["     é";"    éé"]);
