x=uint64(2)^32;
assert_checkequal(msprintf('%u',x),'0');
assert_checkequal(msprintf('%lu',x),'4294967296');
assert_checkequal(msprintf('%d',x),'0');
assert_checkequal(msprintf('%ld',x),'4294967296');
mprintf('%u\n',x)
0
mprintf('%lu\n',x)
4294967296
mprintf('%d\n',x)
0
mprintf('%ld\n',x)
4294967296
