if prettyprint(%inf) <> "${\infty}$" then bugmes();quit;end
if prettyprint([%inf 0  1 -%inf]) <> "${\begin{pmatrix}{\infty}&0&1&{-\infty}\cr \end{pmatrix}}$" then bugmes();quit;end
if prettyprint([%inf 0; 1 -%inf]) <> "${\begin{pmatrix}{\infty}&0\cr 1&{-\infty}\cr \end{pmatrix}}$" then bugmes();quit;end
