r1 = msprintf("%d\r", 12345);
ref1 = ascii([ 49.    50.    51.    52.    53.    13. ]);
assert_checkequal(r1, ref1);
r2 = msprintf("%d\r%d", 12345, 6789);
ref2 = ascii([ 49.    50.    51.    52.    53.    13.    54.    55.    56.    57.]);
assert_checkequal(r2, ref2);
r3 = msprintf("%d%s", 12345, "\r");
ref3 = "12345\r";
assert_checkequal(r3, ref3);
