prompt_str = prompt();
l = ["";prompt_str + "mprintf(""hello world\n"")";"hello world";"";prompt_str + "diary(TMPDIR+""/bug557.dia"", ""close"");"];
mputl(l, TMPDIR+'/bug557.ref');
diary(TMPDIR+"/bug557.dia");
mprintf("hello world\n")
hello world
diary(TMPDIR+"/bug557.dia", "close");
ref = mgetl(TMPDIR+"/bug557.ref");
dia = mgetl(TMPDIR+"/bug557.dia");
assert_checkequal(ref, dia);
