funcprot(0);
function [x,y]=foo(a,b)
    x=[nargout,nargin];
    y=-1;
endfunction
if or(foo(1)<>[1 1]) then bugmes();quit;end
if or(foo(1,2)<>[1 2]) then bugmes();quit;end
if or(foo()<>[1 0]) then bugmes();quit;end
[x,y]=foo(1);if or(x<>[2 1]) then bugmes();quit;end
[x,y]=foo(1,1);if or(x<>[2 2]) then bugmes();quit;end
[x,y]=foo();if or(x<>[2 0]) then bugmes();quit;end
function [x,y]=foo(a,b)
    x=nargout;
    y=-1;
endfunction
if foo(1)<>1 then bugmes();quit;end
if foo(1,2)<>1 then bugmes();quit;end
[x,y]=foo(1);if x<>2 then bugmes();quit;end
function [x,y]=foo(a,b)
    x=[nargout,nargin];
    y=-1;
endfunction
if or(foo(1)<>[1 1]) then bugmes();quit;end
if or(foo(1,2)<>[1 2]) then bugmes();quit;end
if or(foo()<>[1 0]) then bugmes();quit;end
[x,y]=foo(1);if or(x<>[2 1]) then bugmes();quit;end
[x,y]=foo(1,1);if or(x<>[2 2]) then bugmes();quit;end
[x,y]=foo();if or(x<>[2 0]) then bugmes();quit;end
function [x,y]=foo(a,b)
    x=nargout;
    y=-1;
endfunction
if foo(1)<>1 then bugmes();quit;end
if foo(1,2)<>1 then bugmes();quit;end
[x,y]=foo(1);if x<>2 then bugmes();quit;end
