a=1 a  = 
   1.
if a<>1 then bugmes();quit;end
a=2;
if a<>2 then bugmes();quit;end
a="1//test";
if a<>"1/"+"/test" then bugmes();quit;end
a=33;
if a<>33 then bugmes();quit;end
a=[//test
1 //test1
2 //test2
];
if or(a<>[1;2])  then bugmes();quit;end
a=[//test
];
if a<>[]  then bugmes();quit;end
a=[//test
//test1
//test2
];
if a<>[]  then bugmes();quit;end
if %t //test
    a=3; //test1
else //test2 end
    a=4//test3 end
end
if a<>3 then bugmes();quit;end
if %f //test
    a=3; //test1
else //test2 end
    a=4//test3 end
end a  = 
   4.
if a<>4 then bugmes();quit;end
a=0;
for k=1:10 //loop begin
    if a> 10 then //
        break // go out the loop
    else //111111
        a=a-1; //sdfdfd
    end //xxxxx
    a=a+k; //hhhhh
end
if a<>15 then bugmes();quit;end
for i=1
    a=1;
end
a=0;k=0
 k  = 
   0.
while %t //loop begin
    k=k+1; //ttttt
    if a> 10 then //
        break // go out the loop
    else //111111
        a=a-1; //sdfdfd
    end //xxxxx
    a=a+k; //hhhhh
end
if a<>15 then bugmes();quit;end
c=1;
select c //test
case 1 then//test then
    a=8; //test8
case 2 then //test end
    a=-1 //test minus 1
else //else
    a=0  //test zeor
end
if a<>8 then bugmes();quit;end
c=2;
select c //test
case 1 then//test then
    a=8; //test8
case 2 then //test end
    a=-1 //test minus 1
else //else
    a=0  //test zeor
end a  = 
  -1.
if a<>-1 then bugmes();quit;end
execstr("a=1//test")
if a<>1 then bugmes();quit;end
execstr("a=2;//test")
if a<>2 then bugmes();quit;end
execstr("a=''1//test'';")
if a<>"1/"+"/test" then bugmes();quit;end
execstr("a=33;//''sqdf''qsdf''")
if a<>33 then bugmes();quit;end
t=["a=[//test"
"1 //test1"
"2 //test2"
"];//endtest"];
execstr(t)
if or(a<>[1;2])  then bugmes();quit;end
t=["a=[//test"
"];"];
execstr(t)
if a<>[]  then bugmes();quit;end
t=["a=[//test"
"//test1"
"//test2"
"];"];
execstr(t)
if a<>[]  then bugmes();quit;end
t=["if %t //test"
"  a=3; //test1"
"else //test2 end"
"  a=4//test3 end"
"end//endtest"];execstr(t)
if a<>3 then bugmes();quit;end
t=["if %f //test"
" a=3; //test1"
"else //test2 end"
" a=4//test3 end"
"end//endtest"];execstr(t)
if a<>4 then bugmes();quit;end
funcprot(0);
deff("a=foo","a=1//test");a=foo();
if a<>1 then bugmes();quit;end
deff("a=foo","a=''1//test'';");a=foo();
if a<>"1/"+"/test" then bugmes();quit;end
deff("a=foo","a=33;//''sqdf''qsdf''");a=foo();
if a<>33 then bugmes();quit;end
t=["if %t //test"
"  a=3; //test1"
"else //test2 end"
"  a=4//test3 end"
"end//endtest"];deff("a=foo",t);a=foo();
if a<>3 then bugmes();quit;end
deff("a=foo","a=1//test");a=foo();
if a<>1 then bugmes();quit;end
deff("a=foo","a=''1//test'';");a=foo();
if a<>"1/"+"/test" then bugmes();quit;end
deff("a=foo","a=33;//''sqdf''qsdf''");a=foo();
if a<>33 then bugmes();quit;end
t=["if %t //test"
"  a=3; //test1"
"else //test2 end"
"  a=4//test3 end"
"end//endtest"];deff("a=foo",t);a=foo();
if a<>3 then bugmes();quit;end
function a=foo
    a=1//test
endfunction
a=foo();
if a<>1 then bugmes();quit;end
function a=foo(..
    )
    a=1//test
endfunction
a=foo();
if a<>1 then bugmes();quit;end
function a=foo// CALLING SYNTAX
    a=1//test
endfunction
a=foo();
if a<>1 then bugmes();quit;end
function a=foo// CALLING SYNTAX
    a=0;k=0
    while %t //loop begin
        k=k+1; //ttttt
        if a> 10 then //
            break // go out the loop
        else //111111
            a=a-1; //sdfdfd
        end //xxxxx
        a=a+k; //hhhhh
    end //loop end
endfunction
a=foo();
if a<>15 then bugmes();quit;end
function a=foo
    a=0;k=0;//initialization
    function a=fii  //internal function
        while %t //loop begin
            k=k+1; //ttttt
            if a> 10 then //
                break // go out the loop
            else //111111
                a=a-1; //sdfdfd
            end //xxxxx
            a=a+k; //hhhhh
        end //loop end
    endfunction
    a=fii()
    //SDSDFD
endfunction
a=foo();
if a<>15 then bugmes();quit;end
warning("off");
t=["function a=foo"
"a=0;k=0;//initialization"
"  while %t //loop begin"
"    k=k+1; //ttttt"
"    if a> 10 then //"
"	break // go out the loop"
"    else //111111"
"	a=a-1; //sdfdfd"
"    end //xxxxx"
"    a=a+k; //hhhhh"
"  end //loop end"
"endfunction"];
mputl(t,TMPDIR+"/foo.sci");
exec(TMPDIR+"/foo.sci")
function a=foo
a=0;k=0;//initialization
  while %t //loop begin
    k=k+1; //ttttt
    if a> 10 then //
	break // go out the loop
    else //111111
	a=a-1; //sdfdfd
    end //xxxxx
    a=a+k; //hhhhh
  end //loop end
endfunction
a=foo();
if a<>15 then bugmes();quit;end
exec(TMPDIR+"/foo.sci")
function a=foo
a=0;k=0;//initialization
  while %t //loop begin
    k=k+1; //ttttt
    if a> 10 then //
	break // go out the loop
    else //111111
	a=a-1; //sdfdfd
    end //xxxxx
    a=a+k; //hhhhh
  end //loop end
endfunction
a=foo();
if a<>15 then bugmes();quit;end
t=["//sdffgfgfgggg"
"//sdsdsddfgfgfghgfhjhui"
"function a=foo//uuuuuuu"
"a=0;k=0;//initialization"
"  while %t //loop begin"
"    k=k+1; //ttttt"
"    if a> 10 then //"
"	break // go out the loop"
"    else //111111"
"	a=a-1; //sdfdfd"
"    end //xxxxx"
"    a=a+k; //hhhhh"
"  end //loop end"
"endfunction"];
mputl(t,TMPDIR+"/foo.sci");
exec(TMPDIR+"/foo.sci")
function a=foo//uuuuuuu
a=0;k=0;//initialization
  while %t //loop begin
    k=k+1; //ttttt
    if a> 10 then //
	break // go out the loop
    else //111111
	a=a-1; //sdfdfd
    end //xxxxx
    a=a+k; //hhhhh
  end //loop end
endfunction
a=foo();
if a<>15 then bugmes();quit;end
exec(TMPDIR+"/foo.sci")
function a=foo//uuuuuuu
a=0;k=0;//initialization
  while %t //loop begin
    k=k+1; //ttttt
    if a> 10 then //
	break // go out the loop
    else //111111
	a=a-1; //sdfdfd
    end //xxxxx
    a=a+k; //hhhhh
  end //loop end
endfunction
a=foo();
if a<>15 then bugmes();quit;end
warning("on");
function a=foo
    a=0;k=0;//initialization
    while %t //loop begin
        k=k+1; //ttttt tttt
        if a> 10 then //ff
            break // go out the loop
        else //111111
            a=a-1; //sdfdfd
        end //xxxxx
        a=a+k; //hhhhh
    end //loop end
endfunction
deff("[y]=u(t)","if t==0 then y=0;else y=1,end")
function y=foo(a),y=a,endfunction
foo(2);
foo("f//");
