if execstr("getversion();","errcatch")                                 <> 0 then bugmes();quit;end
if execstr("[version,opts]=getversion()","errcatch")                   <> 0 then bugmes();quit;end
if execstr("my_version=getversion(''scilab'')","errcatch")             <> 0 then bugmes();quit;end
if execstr("verstr=getversion(''scilab'',''string_info'')","errcatch") <> 0 then bugmes();quit;end
module_list = getmodules();
for i=1:size(module_list,"*")
	if execstr("my_version=getversion(''"+module_list(i)+"'')","errcatch")             <> 0 then bugmes();quit;end
	if execstr("verstr=getversion(''"+module_list(i)+"'',''string_info'')","errcatch") <> 0 then bugmes();quit;end
end
A = getversion();
if type(A) <> 10 then bugmes();quit;end
[A,B] = getversion();
if type(A) <> 10 then bugmes();quit;end
if type(B) <> 10 then bugmes();quit;end
A = getversion("scilab");
if type(A) <> 1          then bugmes();quit;end
if or( size(A) <> [1 4]) then bugmes();quit;end
A = getversion("scilab","string_info");
if type(A) <> 10 then bugmes();quit;end
module_list = getmodules();
for i=1:size(module_list,"*")
	A = getversion(module_list(i));
	B = getversion(module_list(i),"string_info");
	if type(A) <> 1 then bugmes();quit;end
	if type(B) <> 10 then bugmes();quit;end
	if or( size(B) <> [1 1]) then bugmes();quit;end
end
