funs = libraryinfo("corelib");
for i=1:size(funs, "*")
    macr2tree(evstr(funs(i)));
end
parsing_tests = ls("SCI/modules/ast/tests/unit_tests/*.tst");
for i=1:size(parsing_tests, "*")
    text = mgetl(parsing_tests(i));
    deff("[] = macr2tree_fun()",text);
    macr2tree(macr2tree_fun);
    clear macr2tree_fun;
end
