if type(%nan) <> 1 then bugmes();quit;end
if type(%inf) <> 1 then bugmes();quit;end
if type(1) <> 1 then bugmes();quit;end
if type(poly(0,"x")) <> 2 then bugmes();quit;end
if type(%t) <> 4 then bugmes();quit;end
if type(%f) <> 4 then bugmes();quit;end
if type(sparse([1,2;4,5;3,10],[1,2,3])) <> 5 then bugmes();quit;end
if type(sparse([1,2;4,5;3,10], [%t,%t, %t])) <> 6 then bugmes();quit;end
if type(int8(0)) <> 8 then bugmes();quit;end
if type(uint8(0)) <> 8 then bugmes();quit;end
if type(int16(0)) <> 8 then bugmes();quit;end
if type(uint16(0)) <> 8 then bugmes();quit;end
if type(int32(0)) <> 8 then bugmes();quit;end
if type(uint32(0)) <> 8 then bugmes();quit;end
if type(gdf()) <> 9 then bugmes();quit;end
if type("scilab") <> 10 then bugmes();quit;end
deff("__private__()","");
if type(__private__) <> 13 then bugmes();quit;end
clear __private__;
if type(corelib) <> 14 then bugmes();quit;end
if type(list(1,2,3)) <> 15 then bugmes();quit;end
if type(tlist("mytype",2,3)) <> 16 then bugmes();quit;end
if type(mlist("mytype",2,3)) <> 17 then bugmes();quit;end
if type(struct()) <> 17 then bugmes();quit;end
if type(cell(1,1)) <> 17 then bugmes();quit;end
a=rand(5,5);
b=rand(5,1);
A=sparse(a);
[h,rk]=lufact(A);
if type(h) <> 128 then bugmes();quit;end
clear a;
clear b;
clear A;
clear rk;
ludel(h);
clear h;
if type(type) <> 130 then bugmes();quit;end
