function foo()
    try
        error("random err")
    catch
        disp("should display")
        return
    end
    disp("should not display")
endfunction
foo()
  "should display"
function bar()
    try
        disp("should display")
        return
    catch
    end
    disp("should not display")
endfunction
bar()
  "should display"
