assert_checktrue(importXcosDiagram(SCI + "/modules/xcos/tests/unit_tests/error_sb_port_numbering.zcos"));
try
    scicos_simulate(scs_m, "nw");
catch
end
  "Input ports are not numbered properly."
  "scicos_flat: Input ports are not numbered properly."
  "c_pass1: flat failed"
assert_checktrue(importXcosDiagram(SCI + "/modules/xcos/tests/unit_tests/error_blocks_with_updated_context.zcos"));
scicos_simulate(scs_m, "nw");
