loadScicos(); loadXcosLibs();
blk = PROD_f('define');
model = blk.model;
function model = config_size(model, sz)
    model.in = [sz; sz];
    model.out = sz
endfunction
sz = 4;
model = config_size(model, sz);
blk = model2blk(model);
for i=1:10,
    callblk(blk, 4, 0);     // crash on callf as funpt is invalid
end
