loadXcosLibs();
WARNING: Redefining function 'AFFICH_f'. Use 'funcprot(0)' to avoid this message.
WARNING: Redefining function 'RFILE'. Use 'funcprot(0)' to avoid this message.
WARNING: Redefining function 'WFILE'. Use 'funcprot(0)' to avoid this message.
assert_checktrue(importXcosDiagram(SCI + "/modules/xcos/tests/unit_tests/cumsum.zcos"));
function disp_post_simulate(%cpr, scs_m, needcompile)
    disp("Calling disp_post_simulate");
endfunction
post_xcos_simulate = list("disp_post_simulate");
xcos_simulate(scs_m, 4);
  "Calling disp_post_simulate"
assert_checktrue(isdef('cumsum_r'));
clear('cumsum_r');
clear post_xcos_simulate
post_xcos_simulate = disp_post_simulate;
xcos_simulate(scs_m, 4);
  "Calling disp_post_simulate"
assert_checktrue(isdef('cumsum_r'));
function analyze_post_simulate(%cpr, scs_m, needcompile)
// Retrieve all objects
    objs = scs_m.objs;
    links = 0;
    blocks = 0;
    other = 0;
// Count Links and Blocks
    for i = 1:size(objs)
        currentType = typeof(objs(i));
        select (currentType)
         case "Link"
          links = links + 1;
         case "Block"
          blocks = blocks + 1;
        else
            other = other + 1;
        end
    end
// Diplay Diagram analysis.
    disp("Diagram Analysis:")
    disp("Found "+string(blocks)+" Blocks.")
    disp("Found "+string(links)+" Links.")
    disp("Found "+string(other)+" Other component.")
endfunction
clear('cumsum_r');
clear post_xcos_simulate
post_xcos_simulate = list("analyze_post_simulate");
xcos_simulate(scs_m, 4);
  "Diagram Analysis:"
  "Found 24 Blocks."
  "Found 22 Links."
  "Found 0 Other component."
assert_checktrue(isdef('cumsum_r'));
clear('cumsum_r');
clear post_xcos_simulate
post_xcos_simulate = analyze_post_simulate;
xcos_simulate(scs_m, 4);
  "Diagram Analysis:"
  "Found 24 Blocks."
  "Found 22 Links."
  "Found 0 Other component."
assert_checktrue(isdef('cumsum_r'));
