if part([],1)<>[] then bugmes();quit;end
function t=%p_part(t,p)
    n=horner(p,length(t))
    t=part(t,n)
endfunction
WARNING: Redefining function "0xffffffff_part". Use funcprot(0) to avoid this message.
if part("xyz",$)<>"z" then bugmes();quit;end
function t=%s_part(t,p)
    t=t(p)
endfunction
if part([1 2 3],2)<>2 then bugmes();quit;end
