ierr = execstr("r = stripblanks(1);","errcatch");
if ierr == 0 then bugmes();quit;end
ierr = execstr("r = cd(1);","errcatch");
if ierr == 0 then bugmes();quit;end
ierr = execstr("r = ls(1);","errcatch");
if ierr == 0 then bugmes();quit;end
ierr = execstr("r = dir(1);","errcatch");
if ierr == 0 then bugmes();quit;end
ierr = execstr("r = help(1);","errcatch");
if ierr == 0 then bugmes();quit;end
