clear uicontrol_generic_test
exec("SCI/modules/gui/tests/unit_tests/uicontrol_generic_test.sci");
if uicontrol_generic_test("checkbox") <> 0 then bugmes();quit;end
Warning: 'checkbox' 'Value' property should be equal to either 'Min' or 'Max' property value.
h = uicontrol("parent", scf(), "style", "checkbox");
if get(h, "relief") <> "flat" then bugmes();quit;end
if get(h, "value") <> get(h,"min") then bugmes();quit;end
set(h, "value", [1]);
if get(h, "value") <> 1 then bugmes();quit;end
delete("all")
