clear uicontrol_generic_test
exec("SCI/modules/gui/tests/unit_tests/uicontrol_generic_test.sci");
if uicontrol_generic_test("pushbutton") <> 0 then bugmes();quit;end
h = uicontrol("parent", scf(), "style", "pushbutton");
assert_checkequal(get(h, "backgroundcolor"), [0.6 0.6 0.6]);
assert_checkequal(get(h, "relief"), "raised");
assert_checkequal(get(h, "value"), []);
set(h, "value", [1]);
assert_checkequal(get(h, "value"), 1);
set(h, "value", [1 2 3]);
assert_checkequal(get(h, "value"), [1 2 3]);
set(h, "value", []);
assert_checkequal(get(h, "value"), []);
h = uicontrol();
set(h, "string", "Black button");
set(h, "backgroundcolor", [0 0 0]);
set(h, "foregroundcolor", [1 0 0]);
set(h, "position", [50 100 200 30]);
set(h, "fontweight", "normal");
h = uicontrol(gcf());
set(h, "string", "White button");
set(h, "backgroundcolor", [1 1 1]);
set(h, "foregroundcolor", [0 1 0]);
set(h, "position", [50 130 200 30]);
set(h, "fontweight", "light");
h = uicontrol("parent", gcf());
set(h, "string", "Light grey button");
set(h, "backgroundcolor", [0.7 0.7 0.7]);
set(h, "foregroundcolor", [0 0 1]);
set(h, "position", [50 160 200 30]);
set(h, "fontweight", "demi");
