mymenu = uimenu(gcf(),"Label","Test") mymenu  = 
Handle of type "uimenu" with properties:
========================================
Parent: Figure
Children: []
Enable = "on"
Foregroundcolor = [0,0,0]
Label = "Test"
Handle_Visible = "on"
Visible = "on"
Callback = ""
Callback_Type = 0
Checked =  "off"
Icon =  ""
Userdata = []
Tag = ""
delete(gcf());
