olddir=pwd();
    specialName = '中文';
    cd TMPDIR;
    dirName     = 'dir_'+specialName;
    fileName    = 'file_'+specialName;
    fileWithExt = 'file_'+specialName+'.ext';
    mkdir(dirName);
    if isdir(dirName) == %f then bugmes();quit;end
    createdir(dirName+'_other');
    if isdir(dirName+'_other') == %f then bugmes();quit;end
    cd(dirName);
    if ~(length(pwd()) > 0) then bugmes();quit;end
    fd=mopen(fileName,'w');
    if (fileinfo(fileName)==[]) then bugmes();quit;end
    mclose(fd);
    copyfile(fileName,fileWithExt);
    if (fileinfo(fileWithExt)==[]) then bugmes();quit;end
    deletefile(fileWithExt);
    copyfile(fileName,'../'+dirName+'_other');
    if (fileinfo('../'+dirName+'_other/'+fileName)==[]) then bugmes();quit;end
    deletefile('../'+dirName+'_other/'+fileName);
    mputl([specialName+'1';specialName+'2'],fileName+'_mputl');
    if (fileinfo(fileName+'_mputl')==[]) then bugmes();quit;end
    fd=mopen(fileName+"_"+specialName,'w');
    mfprintf(fd,'%s %f',specialName+'3',%pi);
    filestuff=fileinfo(fileName+"_"+specialName);
    if (filestuff==[] & filestuff(1)>0) then bugmes();quit;end
    mclose(fd);
    fd = mopen(fileName+'_open','w');
    if (fileinfo(fileName+'_open')==[]) then bugmes();quit;end
    mfprintf(fd,'%s %f',specialName+'3',%pi);
    filestuff=fileinfo(fileName+'_open');
    if (filestuff==[] & filestuff(1)>0) then bugmes();quit;end
    mclose(fd);
    fd = mopen(fileName+'_fprintf','wt');
    mfprintf(fd,'%s %s',specialName+'3',string(%pi));
    mclose(fd);
    filestuff=fileinfo(fileName+'_fprintf');
    if (filestuff==[] & filestuff(1)>0) then bugmes();quit;end
    fprintfMat(fileName+"_Mat_"+specialName,[11,12;21,22],'%5.2f',specialName+'_fprintfMat Test');
    filestuff=fileinfo(fileName+"_Mat_"+specialName);
    if (filestuff==[] & filestuff(1)>0) then bugmes();quit;end
    A = [ 'file_中文_fprintf'; ..
          'file_中文_mputl'; ..
          'file_中文_open'; ..
          'file_中文_Mat_中文'; ..
          'file_中文_中文'; ..
          'file_中文'];
    B = ls();
    if(or(gsort(A) <> gsort(B))) then bugmes();quit;end;
    B = listfiles();
    if(or(gsort(A) <> gsort(B))) then bugmes();quit;end;
    B = dir();
    if(or(gsort(A) <> gsort(B(2)))) then bugmes();quit;end;
    B = findfiles('.','*');
    if(or(gsort(A) <> gsort(B))) then bugmes();quit;end;
    B = ls('../'+dirName);
    if(or(gsort(A) <> gsort(B))) then bugmes();quit;end;
    B = listfiles('../'+dirName);
    if(or(gsort(A) <> gsort(B))) then bugmes();quit;end;
    B = dir('../'+dirName);
    if(or(gsort(A) <> gsort(B(2)))) then bugmes();quit;end;
    B = findfiles('.','*'+specialName+'*');
    if(or(gsort(A) <> gsort(B))) then bugmes();quit;end;
    sname=getshortpathname(fileName);
    if ~(length(sname) > 0) then bugmes();quit;end
    lname=getlongpathname(sname);
    if ~(length(lname) > 0) then bugmes();quit;end
    removedir('../'+dirName+'_other');
    chdir("..");
    removedir(dirName);
    specialName = 'æøå';
    cd TMPDIR;
    dirName     = 'dir_'+specialName;
    fileName    = 'file_'+specialName;
    fileWithExt = 'file_'+specialName+'.ext';
    mkdir(dirName);
    if isdir(dirName) == %f then bugmes();quit;end
    createdir(dirName+'_other');
    if isdir(dirName+'_other') == %f then bugmes();quit;end
    cd(dirName);
    if ~(length(pwd()) > 0) then bugmes();quit;end
    fd=mopen(fileName,'w');
    if (fileinfo(fileName)==[]) then bugmes();quit;end
    mclose(fd);
    copyfile(fileName,fileWithExt);
    if (fileinfo(fileWithExt)==[]) then bugmes();quit;end
    deletefile(fileWithExt);
    copyfile(fileName,'../'+dirName+'_other');
    if (fileinfo('../'+dirName+'_other/'+fileName)==[]) then bugmes();quit;end
    deletefile('../'+dirName+'_other/'+fileName);
    mputl([specialName+'1';specialName+'2'],fileName+'_mputl');
    if (fileinfo(fileName+'_mputl')==[]) then bugmes();quit;end
    fd=mopen(fileName+"_"+specialName,'w');
    mfprintf(fd,'%s %f',specialName+'3',%pi);
    filestuff=fileinfo(fileName+"_"+specialName);
    if (filestuff==[] & filestuff(1)>0) then bugmes();quit;end
    mclose(fd);
    fd = mopen(fileName+'_open','w');
    if (fileinfo(fileName+'_open')==[]) then bugmes();quit;end
    mfprintf(fd,'%s %s',specialName+'3',string(%pi));
    filestuff=fileinfo(fileName+'_open');
    if (filestuff==[] & filestuff(1)>0) then bugmes();quit;end
    mclose(fd);
    fd = mopen(fileName+'_fprintf','wt');
    mfprintf(fd,'%s %s',specialName+'3',string(%pi));
    mclose(fd);
    filestuff=fileinfo(fileName+'_fprintf');
    if (filestuff==[] & filestuff(1)>0) then bugmes();quit;end
    fprintfMat(fileName+"_Mat_"+specialName,[11,12;21,22],'%5.2f',specialName+'_fprintfMat Test');
    filestuff=fileinfo(fileName+"_Mat_"+specialName);
    if (filestuff==[] & filestuff(1)>0) then bugmes();quit;end
    A = [ 'file_æøå_fprintf'; ..
          'file_æøå_mputl'; ..
          'file_æøå_open'; ..
          'file_æøå_Mat_æøå'; ..
          'file_æøå_æøå'; ..
          'file_æøå'];
    B = ls();
    if(or(gsort(A) <> gsort(B))) then bugmes();quit;end;
    B = listfiles();
    if(or(gsort(A) <> gsort(B))) then bugmes();quit;end;
    B = dir();
    if(or(gsort(A) <> gsort(B(2)))) then bugmes();quit;end;
    B = findfiles('.','*');
    if(or(gsort(A) <> gsort(B))) then bugmes();quit;end;
    B = ls('../'+dirName);
    if(or(gsort(A) <> gsort(B))) then bugmes();quit;end;
    B = listfiles('../'+dirName);
    if(or(gsort(A) <> gsort(B))) then bugmes();quit;end;
    B = dir('../'+dirName);
    if(or(gsort(A) <> gsort(B(2)))) then bugmes();quit;end;
    B = findfiles('.','*'+specialName+'*');
    if(or(gsort(A) <> gsort(B))) then bugmes();quit;end;
    sname=getshortpathname(fileName);
    if ~(length(sname) > 0) then bugmes();quit;end
    lname=getlongpathname(sname);
    if ~(length(lname) > 0) then bugmes();quit;end
    removedir('../'+dirName+'_other');
    chdir("..");
    removedir(dirName);
