A = sparse( [ 2 -1  0  0  0;
             -1  2 -1  0  0; 
              0 -1  2 -1  0; 
              0  0 -1  2 -1; 
              0  0  0 -1  2] );
b = [0 ; 0; 0; 0; 6];
Cp = taucs_chfact(A);
x = taucs_chsolve(Cp,b);
if round(x) <> [ 1; 2; 3; 4; 5 ] then bugmes();quit;end
taucs_chdel(Cp)
[A] = ReadHBSparse(SCI+"/modules/umfpack/demos/bcsstk24.rsa");
Cp = taucs_chfact(A);
b = rand(size(A,1),1);
x = taucs_chsolve(Cp,b);
firstNorm=norm(A*x - b);
x = taucs_chsolve(Cp,b,A);
secondNorm=norm(A*x - b);
if norm(firstNorm,secondNorm) < 1E-7 then bugmes();quit;end
taucs_chdel(Cp)
