m_ieee = ieee();
ieee(0);
function x=foo
  x=%t	
  try
    r = 1 / zeros(1)
    x=%f
  end
endfunction
function x=rf()
  strength = ones(1,2);
  sigma = zeros(1,2);
  x=%t
  try
    z=strength ./ sigma(1,1);
    x=%f
  end
endfunction
if ~foo() then bugmes();quit;end
if ~rf() then bugmes();quit;end
ieee(m_ieee);
