opencv_storage.haarcascade_alt.stages(1).trees(1).value(1).feature.rects(1).value = [3 7 14 4 -1.];
opencv_storage.haarcascade_alt.stages(1).trees(2).value(1).feature.rects(1).value = [1 2 18 4 -1.];
assert_checkequal(opencv_storage.haarcascade_alt.stages(1).trees(1).value(1).feature.rects(1).value, [3 7 14 4 -1.]);
assert_checkequal(opencv_storage.haarcascade_alt.stages(1).trees(2).value(1).feature.rects(1).value, [1 2 18 4 -1.]);
