function [a,b,c,d,e]=test()
    a=1;b=2;c=3;d=4;e=5;
endfunction
[out.a.t1,out.a.t2,out.a.t3,out.a.t4]=test();
stRef = struct("a",struct("t4",4,"t3",3,"t2",2,"t1",1));
assert_checkequal(out,stRef);
clear out
[out.a.t1,t2,out.a.t3,t4]=test();
stRef = struct("a",struct("t3",3,"t1",1));
assert_checkequal(out,stRef);
assert_checkequal(t2,2);
assert_checkequal(t4,4);
clear a
[a.t1,a.t2,a.t3,a.t4]=test();
stRef = struct("t4",4,"t3",3,"t2",2,"t1",1);
assert_checkequal(a,stRef);
clear a
[t1,a.t2,t3,a.t4]=test();
stRef = struct("t4",4,"t2",2);
assert_checkequal(t1,1);
assert_checkequal(t3,3);
[t1,t2,t3,t4]=test();
assert_checkequal([t1 t2 t3 t4], [1 2 3 4]);
