function [y]=expcdf1(x,par); // lambda,x > 0
lambda=par(1); y=1-exp(-lambda*x);
endfunction
function [y]=expcdf2(x,par);
lambda=par(1); y=1-exp(-lambda*x);
endfunction
function main1();
x=[1,2,3];
par=[1];
y=expcdf1(x,par);
endfunction
function main2();
x=[1,2,3];
par=[1];
y=expcdf2(x,par);
endfunction
if execstr("main1();", "errcatch")<>0 then bugmes();quit;end
