v = format();
m = [v(2) v(1)];
format(m);
f = format();
assert_checkequal(v, f);
v = format();
m = [v(2);v(1)];
format(m);
f = format();
assert_checkequal(v, f);
m = [10 1 2];
msgerr = msprintf(gettext("%s: Wrong size for input argument #%d.\n"),"format", 1);
assert_checkerror ( "format(m)" , msgerr );
