function [a,b]=illegalLHS()
    a=[1;1]; b=[2;2]
endfunction
if or(illegalLHS()<>[1;1]) then bugmes();quit;end
[a,b]=illegalLHS();
if or(a<>[1;1]) then bugmes();quit;end
A=zeros(2,2); A(:,1)=illegalLHS();
if or(A<>[1 0;1 0]) then bugmes();quit;end
A=zeros(2,2); [a,A(:,1)]=illegalLHS();
if or(A<>[2 0;2 0])|or(a<>[1;1]) then bugmes();quit;end
A=zeros(2,2); [A(:,1)]=illegalLHS();
if or(A<>[1 0;1 0]) then bugmes();quit;end
A=zeros(2,2); [A(:,1),b]=illegalLHS();
if or(A<>[1 0;1 0])|or(b<>[2;2])  then bugmes();quit;end
