cp1 = [%F %F %F;%F %F %F;%F %F %T];
cp2 = [%F %F %F;%F %F %F;%F %F %F];
o1=or(cp1,1);
if or(o1<>[%f,%f,%t]) then bugmes();quit;end
o2=or(cp2,1);
if or(o2<>[%f,%f,%f]) then bugmes();quit;end
a1=[o1,o2];
if or(a1<>[%f,%f,%t,%f,%f,%f]) then bugmes();quit;end
a2=[o2,o1];
if or(a2<>[%f,%f,%f,%f,%f,%t]) then bugmes();quit;end
a3=[o1;o2];
if or(a3<>[%f,%f,%t;%f,%f,%f]) then bugmes();quit;end
a4=[o2;o1];
if or(a4<>[%f,%f,%f;%f,%f,%t]) then bugmes();quit;end
a5=[o1;o1;o1;o1;o1];
if or(a5<>[%f,%f,%t;%f,%f,%t;%f,%f,%t;%f,%f,%t;%f,%f,%t]) then bugmes();quit;end
