a=[gcf() gca();gca() gcf()];a_ref=a;
a(1,[%f %f])=[];
if or(a<>a_ref) then bugmes();quit;end
a([%f %f],1)=[];
if or(a<>a_ref) then bugmes();quit;end
a([%f %f],[%f %f])=[];
if or(a<>a_ref) then bugmes();quit;end
a(1,$:1)=[];
if or(a<>a_ref) then bugmes();quit;end
a($:1,1)=[];
if or(a<>a_ref) then bugmes();quit;end
a($:1,$:1)=[];
if or(a<>a_ref) then bugmes();quit;end
