bug_14606_double = ones(10,10);
bug_14606_uint8 = uint8(ones(10,10));
bug_14606_uint16 = uint16(ones(10,10));
bug_14606_uint32 = uint32(ones(10,10));
bug_14606_uint64 = uint64(ones(10,10));
bug_14606_int8 = int8(ones(10,10));
bug_14606_int16 = int16(ones(10,10));
bug_14606_int32 = int32(ones(10,10));
bug_14606_int64 = int64(ones(10,10));
bug_14606_bool = eye(10,10)==1;
bug_14606_poly = [%s 1+%s;1 1];
bug_14606_rat = 1./[%s 1+%s;1 1];
bug_14606_list = list(bug_14606_double, bug_14606_uint64, bug_14606_poly);
deff("out=%tlist_14606_size(x)","out=%nan");
deff("out=%mlist_14606_size(x)","out=%nan");
bug_14606_tlist = tlist(["tlist_14606","field1","field2"], 1:3, ["Scilab" "is" "not" "Basile"]);
bug_14606_mlist = mlist(["mlist_14606","field1","field2"], 1:3, ["Scilab" "is" "not" "Basile"]);
bug_14606_syslin=syslin('c',[0,1;0,0],[1;1],[1,1]);
bug_14606_sparse= sparse([1 1;2 2;3 3],1:3,[3 3]);
bug_14606_sparseboolean= sparse([1 1;2 2;3 3],1:3,[3 3]) > 1;
bug_14606_struct=struct("list1",list("testlist",1,2), "matrix1", [1 2 3; 4 5 6], "boolean1", %t);
bug_14606_struct=struct("list1",list("testlist",1,2), "matrix1", [1 2 3; 4 5 6], "boolean1", %t);
bug_14606_cell={bug_14606_struct, bug_14606_sparseboolean, bug_14606_poly};
bug_14606_handle=[sdf(),sda()];
bug_14606_pointer=lufact(bug_14606_sparse);
deff("out=bug_14606_macro(x,y)","out=x+y");
libdir=TMPDIR+"/bug_14606";
mkdir(libdir);
mputl(["function out=bug_14606_macro_file(x,y)","out=x+y","endfunction"],libdir+"/bug_14606_macro_file.sci");
genlib("bug_14606_lib",libdir,%f,%t);
-- Creation of [bug_14606_lib] (Macros) --
genlib: Processing file: bug_14606_macro_file.sci
clear bug_14606_lib
bug_14606_lib=lib(libdir);
bug_14606_macro_file(1,1);
whos -name bug_14606
Name                     Type           Size           Bytes        
 
bug_14606_bool           boolean        1x1            6            
bug_14606_cell           ce             1x3            223          
bug_14606_double         constant       1x1            1            
bug_14606_handle         handle         1x2            216          
bug_14606_int16          int16          1x1            4            
bug_14606_int32          int32          1x1            6            
bug_14606_int64          int64          1x1            1            
bug_14606_int8           int8           1x1            3            
bug_14606_lib            library                       312          
bug_14606_list           list           3              2456         
bug_14606_macro          function                      354          
bug_14606_macro_file     function                      354          
bug_14606_mlist          mlist_14606    Nan            1008         
bug_14606_pointer        pointer                       16           
bug_14606_poly           polynomial     2x2            288          
bug_14606_rat            rational       2x2            1196         
bug_14606_sparse         sparse         3x3            2            
bug_14606_sparseboolean  boolean sparse 3x3            17           
bug_14606_struct         st             1x1            1572         
bug_14606_syslin         state-space    1x1            1768         
bug_14606_tlist          tlist_14606    Nan            1008         
bug_14606_uint16         uint16         1x1            4            
bug_14606_uint32         uint32         1x1            6            
bug_14606_uint64         uint64         1x1            1            
bug_14606_uint8          uint8          1x1            3            
ludel(bug_14606_pointer)
bug_14606_var=zeros(10,10);
global bug_14606_var
whos -name bug_14606_var
Name                     Type           Size           Bytes        
 
bug_14606_var            constant       1x1            1            
bug_14606_var            constant*      1x1            1            
clear bug_14606_var
whos -name bug_14606_var
Name                     Type           Size           Bytes        
 
bug_14606_var            constant*      1x1            1            
