function foo()
	if ok then
 
		disp(1);
		edited=%t;
		disp(2);
		needcompile=4
		disp(3);
		Cmenu='Replot';
		disp(4);,disp(Cmenu);
		break
	else
		Cmenu='Open/Set'
		break
	end
endfunction
ok = %T;
foo();
   1.
   2.
   3.
   4.
  "Replot"
exec(foo);
   1.
   2.
 needcompile  = 
   4.
   3.
   4.
  "Replot"
