if execstr("for k=1:2","errcatch")<>999 then bugmes();quit;end
if execstr("for k=1:2,k","errcatch")<>999 then bugmes();quit;end
if execstr("for k=1:","errcatch")<>999 then bugmes();quit;end
if execstr("for k=[%f %t],k,end","errcatch")<>0 then bugmes();quit;end
ok=%f;
try
    for k=[%f %t],k,end
catch
    ok=%t;
end
 k  = 
  F
 k  = 
  T
if ok then bugmes();quit;end
