funcprot(0);
function r=test()
    r=%f
    try
        for j=1:3, error("test",1001); end
    catch
        r=%t
    end
endfunction
if ~test() then bugmes();quit;end
if lasterror()<>"test" then bugmes();quit;end
deff("r=test()",["r=%f"
"try"
"    for j=1:3, error(''test'',1001); end,"
"catch"
"    r=%t"
"end"])
if ~test() then bugmes();quit;end
if lasterror()<>"test" then bugmes();quit;end
