global resultPathfname
resultPath = "";
clearfun("editor");
warning('off')
function editor(fname)
  global('resultPathfname');
  resultPathfname = fname;
  clear('resultPathfname')
endfunction
warning('on')
exec("SCI/modules/core/tests/nonreg_tests/bug_8531.sci");
if ~isdef("BUG_8531") then bugmes();quit;end
if execstr("edit(""BUG_8531"")", "errcatch") <> 0 then bugmes();quit;end
if ~isfile(resultPathfname) then bugmes();quit;end
result = mgetl(resultPathfname);
if grep(result, "function") == [] then bugmes();quit;end
if grep(result, "endfunction") == [] then bugmes();quit;end
deff('[x]=mymacro(y,z)',['a=3*y+1'; 'x=a*z+y'])
if execstr("edit(""mymacro"")", "errcatch") <> 0 then bugmes();quit;end
clearglobal('resultPathfname');
