str = "line 1" + ascii(10) + "line 2";
ref_lasterror = ["line 1"; "line 2"];
assert_checkerror("error(str)", ref_lasterror );
ref_lasterror = ["line 1"; "line 2"];
assert_checkerror("error(ref_lasterror)", ref_lasterror );
errlines = 1:20; errlines = errlines'; errlines = 'error line ' + string(errlines);
assert_checkerror("error(errlines)", errlines);
