funcprot(0)
 ans  =
   1.
function [x,y,z]=myfun(varargin), x=varargin,y=2;z=3;,endfunction
function fun=%foo_e(name,M);  fun=myfun;endfunction
a=mlist('foo');
b=mlist(['foo','hello'],myfun);
c=mlist(['foo','hello'],list('xxxx','yyyyy','zzzzz'));
[x,y,z]=b.hello()
 x  = 
     ()
 y  = 
   2.
 z  = 
   3.
if x<>list()|y<>2|z<>3 then bugmes();quit;end
[x,y,z]=a.hello()
 x  = 
     ()
 y  = 
   2.
 z  = 
   3.
if x<>list()|y<>2|z<>3 then bugmes();quit;end
[x,y,z]=c.hello(1:3)
 x  = 
  "xxxx"
 y  = 
  "yyyyy"
 z  = 
  "zzzzz"
if x<>'xxxx'|y<>'yyyyy'|z<>'zzzzz' then bugmes();quit;end
function [x,y,z]=myfun(varargin), x=varargin,y=2;z=3;,endfunction
function fun=%foo_e(name,M);  fun=myfun;endfunction
a=mlist('foo');
b=mlist(['foo','hello'],myfun);
c=mlist(['foo','hello'],list('xxxx','yyyyy','zzzzz'));
if b.hello()<>list()  then bugmes();quit;end
if a.hello()<>list()  then bugmes();quit;end
if or(c.hello()<>list('xxxx','yyyyy','zzzzz')) then bugmes();quit;end
if or(b.hello(1:2)<>list(1:2))  then bugmes();quit;end
if or(a.hello(1:2)<>list(1:2))  then bugmes();quit;end
if c.hello(2)<>'yyyyy' then bugmes();quit;end
