function r=ev(str), execstr("r="+str),endfunction
r=%f;a = 1;
try
    ev("a*z");
catch
    r=%t
end
 r  = 
if ~r then bugmes();quit;end
[str,n]=lasterror();
if n == 0 then bugmes();quit;end
clear ev
deff(" r=ev(str)","execstr(''r=''+str),")
r=%f;a = 1;
try
    ev("a*z");
catch
    r=%t
end
 r  = 
if ~r then bugmes();quit;end
[str,n]=lasterror();
if n == 0 then bugmes();quit;end
clear ev foo
function r=ev(str), execstr("r="+str),endfunction
function r=foo()
    r=%f;a=1;
    try
        ev("a*z");
    catch
        r=%t;
    end
endfunction
r=foo();
if ~r then bugmes();quit;end
[str,n]=lasterror();
if n == 0 then bugmes();quit;end
clear ev foo
function r=ev(str), execstr("r="+str),endfunction
function r=foo()
    r=%f;a=1;
    try
        str="a*z";
        exec(ev);
    catch
        r=%t;
    end
endfunction
r=foo();
if ~r then bugmes();quit;end
[str,n]=lasterror();
if n == 0 then bugmes();quit;end
clear ev foo
deff(" r=ev(str)","execstr(''r=''+str),")
function r=foo()
    r=%f;a=1;
    try
        str="a*z";
        exec(ev);
    catch
        r=%t;
    end
endfunction
r=foo();
if ~r then bugmes();quit;end
[str,n]=lasterror();
if n == 0 then bugmes();quit;end
clear ev foo
deff(" r=ev(str)","execstr(''r=''+str),")
function r=foo()
    r=%f;
    try
        ev("a*z")
    catch
        r=%t
    end
endfunction
r=foo();
if ~r then bugmes();quit;end
[str,n]=lasterror();
if n == 0 then bugmes();quit;end
clear ev foo
function r=ev(str), execstr("r="+str),endfunction
deff("r=foo()",[
"r=%f;a = 1;"
"try"
"   ev(a*z);"
"catch"
"   r=%t"
"end"])
r=foo();
if ~r then bugmes();quit;end
[str,n]=lasterror();
if n == 0 then bugmes();quit;end
clear ev foo
deff(" r=ev(str)","execstr(''r=''+str),")
deff("r=foo()",[
"r=%f;a = 1;"
"try"
"   ev(a*z);"
"catch"
"   r=%t"
"end"])
r=foo();
if ~r then bugmes();quit;end
[str,n]=lasterror();
if n == 0 then bugmes();quit;end
clear  foo
function r=foo()
    r=%f;a=1;
    try
        execstr("r=a*z")
    catch
        r=%t;
    end
endfunction
r=foo();
if ~r then bugmes();quit;end
[str,n]=lasterror();
if n == 0 then bugmes();quit;end
clear  foo
mputl("r=a*z",TMPDIR+"/ev");
function r=foo()
    r=%f;a=1;
    try
        exec(TMPDIR+"/ev")
    catch
        r=%t;
    end
endfunction
r=foo();
r=a*z
if ~r then bugmes();quit;end
[str,n]=lasterror();
if n == 0 then bugmes();quit;end
