function M=%to_e(varargin)
  M = varargin($),
  select varargin(1)
    case 'row2' then
    M.N = M.N(2, eye())
    M.V = M.V(2, eye())
  case 'row1' then
    M.N = M.N(1, eye())
    M.V = M.V(1, eye())
  else
    M.N = M.N(varargin(1:$ - 1))
    M.V = M.V(varargin(1:$ - 1))
  end
endfunction
%to_6=%to_e
 %to_6  = 
[M]=%to_6(varargin)
