whos -name %modalWarning
Name                     Type           Size           Bytes        
 
%modalWarning            boolean*       1x1            196          
whos -name corel
Name                     Type           Size           Bytes        
 
corelib                  library                       1324         
whos -type polynomial
Name                     Type           Size           Bytes        
 
%s                       polynomial     1x1            248          
%z                       polynomial     1x1            248          
