a=matrix(1:9,3,3)
 a  = 
   1.   4.   7.
   2.   5.   8.
   3.   6.   9.
[mia,kia]=min(a)
 mia  = 
   1.
 kia  = 
   1.   1.
[maa,kaa]=max(a)
 maa  = 
   9.
 kaa  = 
   3.   3.
b=int16(matrix(1:9,3,3))
 b  = 
  1  4  7
  2  5  8
  3  6  9
[mib,kib]=min(b)
 mib  = 
  1
 kib  = 
   1.   1.
[mab,kab]=max(b)
 mab  = 
  9
 kab  = 
   3.   3.
if mia<>mib     then bugmes();quit;end
if or(kia<>kib) then bugmes();quit;end
if maa<>mab     then bugmes();quit;end
if or(kaa<>kab) then bugmes();quit;end
