a=nearfloat("pred",5);
b=5;
c=nearfloat("succ",5);
assert_checkequal(1:a, [1,2,3,4]);
assert_checkequal(1:b, [1,2,3,4,5]);
assert_checkequal(1:c, [1,2,3,4,5]);
assert_checkequal(a:-1:1, a-[0,1,2,3]);
assert_checkequal(b:-1:1, b-[0,1,2,3,4]);
assert_checkequal(c:-1:1, c-[0,1,2,3,4]);
assert_checkalmostequal(0:0.1:0.1, [0.0,0.1]);
assert_checkalmostequal(0:0.1:0.2, [0.0,0.1,0.2]);
assert_checkalmostequal(0:0.1:0.3, [0.0,0.1,0.2,0.3]);
assert_checkalmostequal(0:0.1:0.4, [0.0,0.1,0.2,0.3,0.4]);
assert_checkalmostequal(0:0.1:0.5, [0.0,0.1,0.2,0.3,0.4,0.5]);
assert_checkalmostequal(0:0.1:0.6, [0.0,0.1,0.2,0.3,0.4,0.5,0.6]);
