cd(TMPDIR);
ilib_verbose(0);
mputl([ "#include ""mex.h""";
"void mexFunction(int nlhs, mxArray *plhs[], int nrhs, mxArray *prhs[])";
"{";
"    mexPrintf(""The quick brown fox jumps over the lazy dog.\n"");";
"    mexPrintf(""Some UTF-8 chars are áãâéíóúü.\n"");";
"    mexPrintf(""Printing %s %s."", ""with"", ""parameters"");";
"}"],"mexprintf.c");
ilib_mex_build("libmextest", ["mprintf", "mexprintf", "cmex"], "mexprintf.c", []);
exec("loader.sce");
WARNING: Redefining function 'mprintf'. Use 'funcprot(0)' to avoid this message.
mprintf();
The quick brown fox jumps over the lazy dog.
Some UTF-8 chars are áãâéíóúü.
Printing with parameters.
