mkdir(TMPDIR,'test');
m=['function y = acosd(x)'
'  r=180/%pi     '
'  y = r*acos(x);'
'endfunction'];
mputl(m,TMPDIR+'/test/acosd.sci');
genlib('testlib',TMPDIR+'/test/');
acosd(3);
[a,b,c,d,e]=completion('ac');
if a <> 'acos' then bugmes();quit;end
if b <> [] then bugmes();quit;end
if c <> [] then bugmes();quit;end
if d == [] then bugmes();quit;end
if e <> [] then bugmes();quit;end
