jautoUnwrap(%t)
assert_checktrue(jautoUnwrap());
jautoUnwrap(%f);
assert_checkfalse(jautoUnwrap());
jautoUnwrap(%t);
c = jcompile("Test", ["public class Test {";"public static double foo(double d) { return d; }";"}"]);
jautoUnwrap(%f);
assert_checkequal(typeof(c.foo(12)), "_EObj");
jautoUnwrap(%t);
assert_checkequal(typeof(c.foo(12)), "constant");
