mat = grand(100, 101, 102, "unf", 0, 1);
assert_checktrue(size(mat) == [100 101 102]);
grand("setgen", "mt");
grand("setsd", 0);
expected = grand(4, 6, "def");
grand("setsd", 0);
computed = grand(4, 6, 5, "def");
assert_checkequal(expected, computed(:, :, 1));
grand("setsd", 0);
expected = grand(4, 6, "lgi");
grand("setsd", 0);
computed = grand(4, 6, 5, "lgi");
assert_checkequal(expected, computed(:, :, 1));
grand("setgen", "kiss");
grand("setsd", 0, 0, 0, 0);
expected = grand(4, 6, "def");
grand("setsd", 0, 0, 0, 0);
computed = grand(4, 6, 5, "def");
assert_checkequal(expected, computed(:, :, 1));
grand("setsd", 0, 0, 0, 0);
expected = grand(4, 6, "lgi");
grand("setsd", 0, 0, 0, 0);
computed = grand(4, 6, 5, "lgi");
assert_checkequal(expected, computed(:, :, 1));
grand("setgen", "clcg2");
grand("setsd", 1, 1);
expected = grand(4, 6, "def");
grand("setsd", 1, 1);
computed = grand(4, 6, 5, "def");
assert_checkequal(expected, computed(:, :, 1));
grand("setsd", 1, 1);
expected = grand(4, 6, "lgi");
grand("setsd", 1, 1);
computed = grand(4, 6, 5, "lgi");
assert_checkequal(expected, computed(:, :, 1));
grand("setgen", "clcg4");
warning("off");
grand("setsd",1,1,1,1);
warning("on");
expected = grand(4, 6, "def");
warning("off");
grand("setsd",1,1,1,1);
warning("on");
computed = grand(4, 6, 5, "def");
assert_checkequal(expected, computed(:, :, 1));
warning("off");
grand("setsd",1,1,1,1);
warning("on");
expected = grand(4, 6, "lgi");
warning("off");
grand("setsd",1,1,1,1);
warning("on");
computed = grand(4, 6, 5, "lgi");
assert_checkequal(expected, computed(:, :, 1));
grand("setgen", "urand");
grand("setsd", 1);
expected = grand(4, 6, "def");
grand("setsd", 1);
computed = grand(4, 6, 5, "def");
assert_checkequal(expected, computed(:, :, 1));
grand("setsd", 1);
expected = grand(4, 6, "lgi");
grand("setsd", 1);
computed = grand(4, 6, 5, "lgi");
assert_checkequal(expected, computed(:, :, 1));
