cd TMPDIR;
mkdir("bug_9059");
f = ["function [t] = macrobug(z)"; "t=z/"; "endfunction"];
mputl(f,TMPDIR+"/bug_9059/macrobug.sci");
cd("bug_9059");
exec("macrobug.sci","errcatch");
assert_checkerror("genlib(""bug_9059lib"",""TMPDIR/bug_9059"",%f,%t)",[], 999);
-- Creation of [bug_9059lib] (Macros) --
genlib: Processing file: macrobug.sci
