f = [
"function titi()"
"  disp(''titi'');"
"endfunction"
""
"function tata()"
"  disp(''tata'');"
"endfunction"
""
"function toto()"
"  disp(''toto'');"
"endfunction"
""
];
cd TMPDIR;
mkdir("bug_6549");
cd("bug_6549");
mputl(f,"toto.sci");
if genlib("bug_6549lib",TMPDIR + "/bug_6549") <> %t then bugmes();quit;end;
ierr = execstr("toto","errcatch");
  "toto"
if ierr <> 0 then bugmes();quit;end
ierr = execstr("titi","errcatch");
if ierr == 0 then bugmes();quit;end
ierr = execstr("tata","errcatch");
if ierr == 0 then bugmes();quit;end
clear bug_6549lib titi toto tata ierr;
load(TMPDIR + "/bug_6549/lib");
ierr = execstr("toto","errcatch");
  "toto"
if ierr <> 0 then bugmes();quit;end
ierr = execstr("titi","errcatch");
if ierr == 0 then bugmes();quit;end
ierr = execstr("tata","errcatch");
if ierr == 0 then bugmes();quit;end
clear bug_6549lib titi toto tata ierr;
bug_6549lib = lib(TMPDIR + "/bug_6549");
ierr = execstr("toto","errcatch");
  "toto"
if ierr <> 0 then bugmes();quit;end
ierr = execstr("titi","errcatch");
if ierr == 0 then bugmes();quit;end
ierr = execstr("tata","errcatch");
if ierr == 0 then bugmes();quit;end
clear bug_6549lib titi toto tata ierr;
