prot=funcprot();funcprot(0);
deff("foo","a=aaaa")
if execstr("foo()","errcatch")==0 then bugmes();quit;end
[str,n,l,f]=lasterror(%t);
if l<>2|f<>"foo" then bugmes();quit;end
try
    foo();
catch
    [str,n,l,f]=lasterror(%t);
    if l<>2|f<>"foo" then bugmes();quit;end;
end
if exec(foo,"errcatch")==0 then bugmes();quit;end
[str,n,l,f]=lasterror(%t);
if l<>2|f<>"foo" then bugmes();quit;end
deff("foo","a=aaaa")
if execstr("foo()","errcatch")==0 then bugmes();quit;end
[str,n,l,f]=lasterror(%t);
if l<>2|f<>"foo" then bugmes();quit;end
try
    foo();
catch
    [str,n,l,f]=lasterror(%t);
    if l<>2|f<>"foo" then bugmes();quit;end;
end
if exec(foo,"errcatch")==0 then bugmes();quit;end
[str,n,l,f]=lasterror(%t);
if l<>2|f<>"foo" then bugmes();quit;end
foo=["a=1";"a=aaaa"];
if execstr(foo,"errcatch")==0 then bugmes();quit;end
[str,n,l,f]=lasterror(%t);
if l<>2|f<>"" then bugmes();quit;end
deff("foo","execstr(''a=aaaa'')")
if execstr("foo()","errcatch")==0 then bugmes();quit;end
[str,n,l,f]=lasterror(%t);
if l<>1|f<>"foo" then bugmes();quit;end
funcprot(prot);
