f = [
"function bug_6550()"
"  1+1;"
"endfunction"
""
];
cd TMPDIR;
mkdir("bug_6550");
cd("bug_6550");
mputl(f,"bug_6550.sci");
if genlib("bug_6550lib",TMPDIR + "/bug_6550") <> %t then bugmes();quit;end;
AAlib = lib(".");
[f, p] = libraryinfo("AAlib");
if pathconvert(p, %f, %f) <> pathconvert(pwd(), %f, %f) then bugmes();quit;end
BBlib = lib(pwd() + "/../bug_6550/../bug_6550");
[f, p] = libraryinfo("BBlib");
if pathconvert(p, %f, %f) <> pathconvert(pwd(), %f, %f) then bugmes();quit;end
