funcprot(0)
 ans  =
   1.
my_dir          = pathconvert(TMPDIR+"/bug_1966",%F,%F);
my_file         = pathconvert(my_dir+"/bug_1966_tst.sci",%F,%F);
my_function_str = ["function c=bug_1966_tst(a,b)"; ..
                   "  c = a + b;"; ..
                   "endfunction"];
mkdir(my_dir);
mputl(my_function_str,my_file);
if execstr("getd(my_dir);","errcatch")   <> 0 then bugmes();quit;end
cd(my_dir);
if execstr("getd(pwd());","errcatch") <> 0 then bugmes();quit;end
