ilib_verbose(0);
mkdir(pathconvert(TMPDIR+"/bug_11046"));
cd(pathconvert(TMPDIR+"/bug_11046"));
copyfile(SCI+"/modules/api_scilab/tests/nonreg_tests/bug_11046.c",pathconvert(TMPDIR+"/bug_11046/bug_11046.c",%F));
ilib_build("gw_bug_11046", ["bug_11046", "sci_bug_11046"], "bug_11046.c", []);
exec("loader.sce");
function %_bug_11046()
    disp('OK default overload called.')
endfunction
bug_11046();
Overload call macro
  "OK default overload called."
function [x] = call_overload(a, b)
    bug_11046();
    x = 2;
endfunction
function call_overload2(a, b)
endfunction
call_overload2(1, call_overload(1,2));
Overload call macro
  "OK default overload called."
