A=sparse(toeplitz([1 0 0 3 0 5 0 3 0 0 1]));
B=[
3.,  0.,  0.,  2.,  0.,  0.,  2.,  0.,  2.,  0.,  0. ;
0.,  5.,  4.,  0.,  0.,  0.,  0.,  0.,  0.,  0.,  0. ;
0.,  4.,  5.,  0.,  0.,  0.,  0.,  0.,  0.,  0.,  0. ;
2.,  0.,  0.,  3.,  0.,  0.,  2.,  0.,  2.,  0.,  0. ;
0.,  0.,  0.,  0. , 5.,  0.,  0.,  0.,  0.,  0.,  4. ;
0.,  0.,  0.,  0.,  0.,  4.,  0.,  3.,  0.,  3.,  0. ;
2.,  0.,  0.,  2.,  0.,  0.,  3.,  0.,  2.,  0.,  0. ;
0.,  0.,  0.,  0.,  0.,  3.,  0.,  4.,  0.,  3.,  0. ;
2.,  0.,  0.,  2.,  0.,  0.,  2.,  0.,  3.,  0.,  0. ;
0.,  0.,  0.,  0.,  0.,  3.,  0.,  3.,  0.,  4.,  0. ;
0.,  0.,  0.,  0.,  4.,  0.,  0.,  0.,  0.,  0.,  5.];
B=sparse(B);
C=eigs(A,B,10);
[a b] = spec(full(A), full(B));
C1=gsort(a./b, "g", "i");
C1(1)=[];
assert_checkalmostequal(C1, C);
