loadXcosLibs();
WARNING: Redefining function 'AFFICH_f'. Use 'funcprot(0)' to avoid this message.
WARNING: Redefining function 'RFILE'. Use 'funcprot(0)' to avoid this message.
WARNING: Redefining function 'WFILE'. Use 'funcprot(0)' to avoid this message.
B = 3.0;
assert_checktrue(importXcosDiagram(SCI + "/modules/xcos/tests/nonreg_tests/bug_11193.zcos"));
for i=1:length(scs_m.objs)
    if typeof(scs_m.objs(i))=="Block" & scs_m.objs(i).gui=="SUPER_f" then
        scs_m = scs_m.objs(i).model.rpar;
        break;
    end
end
sys = lincos(scs_m);
assert_checkequal(sys.A, []);
assert_checkequal(sys.B, []);
assert_checkequal(sys.C, []);
assert_checkequal(sys.D, 3.0);
B = 7.0;
assert_checktrue(importXcosDiagram(SCI + "/modules/xcos/tests/nonreg_tests/bug_11193.zcos"));
for i=1:length(scs_m.objs)
    if typeof(scs_m.objs(i))=="Block" & scs_m.objs(i).gui=="SUPER_f" then
        scs_m = scs_m.objs(i).model.rpar;
        break;
    end
end
sys = lincos(scs_m);
assert_checkequal(sys.A, []);
assert_checkequal(sys.B, []);
assert_checkequal(sys.C, []);
assert_checkequal(sys.D, 7.0);
