loadXcosLibs();
WARNING: Redefining function 'AFFICH_f'. Use 'funcprot(0)' to avoid this message.
WARNING: Redefining function 'RFILE'. Use 'funcprot(0)' to avoid this message.
WARNING: Redefining function 'WFILE'. Use 'funcprot(0)' to avoid this message.
assert_checktrue(importXcosDiagram(SCI + "/modules/xcos/tests/nonreg_tests/bug_13059.zcos"));
scicos_simulate(scs_m);
assert_checkequal(A.values, %nan);
clear A;
xcos_simulate(scs_m, 4);
assert_checkequal(A.values, %nan);
clear A;
