exec(SCI + "/modules/xcos/tests/nonreg_tests/bug_9810.sce");
status = importXcosDiagram(SCI + "/modules/xcos/tests/nonreg_tests/bug_9810.zcos");
if ~status then bugmes();quit;end
xcos_simulate(scs_m, 4);
  "<html><body>Simulation problem: <br/>The LU factorization has been completed, but the factor <br/>U is exactly singular : U(1,1) is exactly zero.</body></html>"
