drawlater;
clf();
ax=gca();
ax.data_bounds=[-180,-50;180,90];
ax.box='on';
ax.axes_visible=["on","on"];
ax.tight_limits="on";
a=5*ones(51,50);
Matplot1(a,[-180,-50,180,90]);
drawnow;
sleep(500);
for kTick=1:size(ax.x_ticks.locations, "*")
    assert_checkequal(int(ax.x_ticks.locations(kTick)), ax.x_ticks.locations(kTick));
end
for kTick=1:size(ax.y_ticks.locations, "*")
    assert_checkequal(int(ax.y_ticks.locations(kTick)), ax.y_ticks.locations(kTick));
end
assert_checkequal(ax.x_ticks.labels, string(ax.x_ticks.locations));
assert_checkequal(ax.y_ticks.labels, string(ax.y_ticks.locations));
