hf = scf (1);
ha = hf.children;
ha.axes_visible = "on";
ha.view = "3d";
ha.box = "on";
xsegs ([0.0,0.0], [1.0,1.0]);
hs10 = gce ();
hs10.data (1,1) = 1.00;
hs10.data (1,2) = 0.60;
hs10.data (2,1) = 0.70;
hs10.data (2,2) = 0.45;
hs10.data,
 ans  =
   1.    0.6    0.
   0.7   0.45   0.
ha.rotation_angles = [0,270];
hs10.data (1,3) =-0.30;
hs10.data (2,3) =-0.40;
hs10.data,
 ans  =
   1.    0.6 
   0.7   0.45
ha.rotation_angles = [0,0];
reference = [ 1, 0.6, -0.3 ; 0.7, 0.45, -0.4 ] ;
if hs10.data <> reference then bugmes();quit;end
