plot2d();
legend("A", "B", "C");
e=gce();
ierr = execstr("set(e, ''links'', [1,2,3]);", "errcatch");
if lasterror() <> msprintf(gettext("Wrong type for ''%s'' property: Graphic handle array expected.\n"), "links") then bugmes();quit;end
close(gcf());
scf(0);
plot2d();
legend("a", "b", "c");
e0 = gce();
scf(1);
plot2d();
legend("A", "B", "C");
e1 = gce();
ierr = execstr("set(e0,''links'',e1.links);", "errcatch");
if lasterror() <> msprintf(gettext("%s: Input argument and the legend must have the same parent axes.\n"), "links") then bugmes();quit;end
