disp ("4.21.51A");
  "4.21.51A"
hf                = scf (1);
hf.figure_name    = "4.21.51A";
hf.background     = 32;
hf.rotation_style = "multiple";
subplot (1, 2, 1);
xfrect (0, 1, 1, 1);
hr1               = gce ();
hr1.background    = 2;
hr1.fill_mode     = "on";
ha1               = hr1.parent;
subplot (1, 2, 2);
xfrect (0, 1, 1, 1);
hr2               = gce ();
hr2.background    = 3;
hr2.fill_mode     = "on";
ha2               = hr2.parent;
newAngles           = [60,200] ;
ha1.rotation_angles = newAngles ;
if ( (ha1.rotation_angles <> newAngles) | (ha2.rotation_angles <> newAngles) ) then bugmes();quit;end
xdel(winsid());
