t=[0:0.3:2*%pi]'; z=sin(t)*cos(t');
[xx,yy,zz]=genfac3d(t,t,z);
plot3d([xx xx],[yy yy],list([zz zz+4],[4*ones(1,400) 5*ones(1,400)]))
e=gce();
e.color_flag ans  =
   2.
errorNum = execstr("e.color_flag=2", "errcatch");
if (errorNum <> 0) then bugmes();quit;end;
e.cdata_mapping ans  =
  "direct"
errorNum = execstr("e.cdata_mapping=''direct''", "errcatch");
if (errorNum <> 0) then bugmes();quit;end;
